<button type="submit"
    class=""
    >
    
</button>
